// Jest Snapshot v1, https://goo.gl/fbAQLP

exports[`CountdownStatusText renders properly 1`] = `ReactWrapper {}`;
