// Jest Snapshot v1, https://goo.gl/fbAQLP

exports[`CountdownSpeedButtons renders properly 1`] = `ReactWrapper {}`;
