// Jest Snapshot v1, https://goo.gl/fbAQLP

exports[`Countdown renders properly 1`] = `ReactWrapper {}`;
